14:07:24 **** Incremental Build of configuration Debug for project Uart_PollingTX ****
make -j8 all 
arm-none-eabi-gcc "../Core/Src/main.c" -mcpu=cortex-m3 -std=gnu11 -g3 -DDEBUG -DUSE_HAL_DRIVER -DSTM32F103xB -c -I../Core/Inc -I../Drivers/STM32F1xx_HAL_Driver/Inc -I../Drivers/STM32F1xx_HAL_Driver/Inc/Legacy -I../Drivers/CMSIS/Device/ST/STM32F1xx/Include -I../Drivers/CMSIS/Include -O0 -ffunction-sections -fdata-sections -Wall -fstack-usage -MMD -MP -MF"Core/Src/main.d" -MT"Core/Src/main.o" --specs=nano.specs -mfloat-abi=soft -mthumb -o "Core/Src/main.o"
../Core/Src/main.c: In function 'main':
../Core/Src/main.c:101:14: warning: suggest parentheses around '+' inside '<<' [-Wparentheses]
  101 |    str = str << 1 + 0x01;
      |              ^~
../Core/Src/main.c:103:31: warning: passing argument 2 of 'HAL_UART_Transmit' makes pointer from integer without a cast [-Wint-conversion]
  103 |    HAL_UART_Transmit(&huart3, str, sizeof(str),100);
      |                               ^~~
      |                               |
      |                               unsigned char
In file included from ../Core/Inc/stm32f1xx_hal_conf.h:338,
                 from ../Drivers/STM32F1xx_HAL_Driver/Inc/stm32f1xx_hal.h:30,
                 from ../Core/Inc/main.h:30,
                 from ../Core/Src/main.c:20:
../Drivers/STM32F1xx_HAL_Driver/Inc/stm32f1xx_hal_uart.h:725:73: note: expected 'uint8_t *' {aka 'unsigned char *'} but argument is of type 'unsigned char'
  725 | HAL_StatusTypeDef HAL_UART_Transmit(UART_HandleTypeDef *huart, uint8_t *pData, uint16_t Size, uint32_t Timeout);
      |                                                                ~~~~~~~~~^~~~~
../Core/Src/main.c:104:31: warning: passing argument 2 of 'HAL_UART_Transmit' makes pointer from integer without a cast [-Wint-conversion]
  104 |    HAL_UART_Transmit(&huart2, str, sizeof(str),100);
      |                               ^~~
      |                               |
      |                               unsigned char
In file included from ../Core/Inc/stm32f1xx_hal_conf.h:338,
                 from ../Drivers/STM32F1xx_HAL_Driver/Inc/stm32f1xx_hal.h:30,
                 from ../Core/Inc/main.h:30,
                 from ../Core/Src/main.c:20:
../Drivers/STM32F1xx_HAL_Driver/Inc/stm32f1xx_hal_uart.h:725:73: note: expected 'uint8_t *' {aka 'unsigned char *'} but argument is of type 'unsigned char'
  725 | HAL_StatusTypeDef HAL_UART_Transmit(UART_HandleTypeDef *huart, uint8_t *pData, uint16_t Size, uint32_t Timeout);
      |                                                                ~~~~~~~~~^~~~~
arm-none-eabi-gcc -o "Uart_PollingTX.elf" @"objects.list"   -mcpu=cortex-m3 -T"D:\stm_cubemx\workspace_1.10.1\uart_serial\STM32F103RBTX_FLASH.ld" --specs=nosys.specs -Wl,-Map="Uart_PollingTX.map" -Wl,--gc-sections -static --specs=nano.specs -mfloat-abi=soft -mthumb -Wl,--start-group -lc -lm -Wl,--end-group
Finished building target: Uart_PollingTX.elf
 
arm-none-eabi-size   Uart_PollingTX.elf 
arm-none-eabi-objdump -h -S  Uart_PollingTX.elf  > "Uart_PollingTX.list"
   text	   data	    bss	    dec	    hex	filename
   8296	     20	   1708	  10024	   2728	Uart_PollingTX.elf
Finished building: default.size.stdout
 
Finished building: Uart_PollingTX.list
 

14:07:25 Build Finished. 0 errors, 3 warnings. (took 940ms)

